==============================================
 DECK EXPORT  Sat Aug 29 12:44:26 EDT 2026
==============================================

--- 1. Verifying the remote points at the school account
    00 AIHS 2026／7 (Private)
    01 STAFF
    03 BIOLOGY (Public)
    04 ANATOMY AND PHYSIOLOGY
    05 FORENSICS
    06 TPT
    Answerable Biology — MASTERS (TPT)
    Turn-In Scripts (Do Not Delete)
  OK — school account confirmed.

--- 2. Cycle folders found
    03 Biology (Materials AIHS Agenda)
    Cycle 01 — Course Launch & Lab Safety (Unit 1)
    Cycle 02 — Ecosystems & Feeding Relationships (Unit 1)
    Cycle 03 — Energy Flow & Trophic Pyramids (Unit 1)
    Cycle 04 — Cycles of Matter_ The Carbon Cycle (Unit 1)
    Cycle 05 — Photosynthesis (Unit 1)
    Cycle 06 — Cellular Respiration & Fermentation (Unit 1)
    Cycle 07 — Ecosystem Dynamics_ Populations & Succession (Unit 1)
    Cycle 08 — Cells & Organelles (Unit 2)
    Cycle 09 — Cell Membrane & Transport (Unit 2)
    Cycle 10 — Enzymes (Unit 2)
    Cycle 11 — The Cell Cycle → Cancer (Unit 2)
    Cycle 12 — Meiosis (Unit 3)
    Cycle 13 — Mendelian Genetics (Unit 3)
    Cycle 14 — DNA Structure & Replication (Unit 3)
    Cycle 15 — Protein Synthesis (Central Dogma) (Unit 4)
    Cycle 16 — Mutations & Gene Expression (Unit 4)
    Cycle 17 — Darwin & Evidence of Evolution (Unit 4)
    Cycle 18 — Natural Selection & Adaptation (Unit 4)
    Cycle 19 — Speciation & Biodiversity (Unit 4)
    Cycle 20 — Human Impact (Capstone) (Unit 4)
    _scripts_for_github (temporary)
    -> 22 folders

--- 3. Live decks Drive will export
    _scripts_for_github (temporary)/
    Cycle 12 — Meiosis (Unit 3)/
    03 Biology (Materials AIHS Agenda)/
    Cycle 09 — Cell Membrane & Transport (Unit 2)/
    Cycle 10 — Enzymes (Unit 2)/
    Cycle 15 — Protein Synthesis (Central Dogma) (Unit 4)/
    Cycle 14 — DNA Structure & Replication (Unit 3)/
    Cycle 13 — Mendelian Genetics (Unit 3)/
    Cycle 19 — Speciation & Biodiversity (Unit 4)/
    Cycle 17 — Darwin & Evidence of Evolution (Unit 4)/
    Cycle 20 — Human Impact (Capstone) (Unit 4)/
    Cycle 16 — Mutations & Gene Expression (Unit 4)/
    Cycle 01 — Course Launch & Lab Safety (Unit 1)/
    Cycle 06 — Cellular Respiration & Fermentation (Unit 1)/
    Cycle 18 — Natural Selection & Adaptation (Unit 4)/
    Cycle 08 — Cells & Organelles (Unit 2)/
    Cycle 07 — Ecosystem Dynamics_ Populations & Succession (Unit 1)/
    Cycle 05 — Photosynthesis (Unit 1)/
    Cycle 04 — Cycles of Matter_ The Carbon Cycle (Unit 1)/
    Cycle 03 — Energy Flow & Trophic Pyramids (Unit 1)/
    Cycle 11 — The Cell Cycle → Cancer (Unit 2)/
    Cycle 02 — Ecosystems & Feeding Relationships (Unit 1)/
    Cycle 14 — DNA Structure & Replication (Unit 3)/▶ LIVE — Cycle 14 — DNA Structure & Replication.pptx
    Cycle 14 — DNA Structure & Replication (Unit 3)/My Class only (print)/
    Cycle 02 — Ecosystems & Feeding Relationships (Unit 1)/▶ LIVE — Cycle 02 — Ecosystems & Feeding Relationships (VT deck).pptx
    Cycle 11 — The Cell Cycle → Cancer (Unit 2)/▶ LIVE — Cycle 11 — The Cell Cycle to Cancer.pptx
    Cycle 02 — Ecosystems & Feeding Relationships (Unit 1)/My Class only (print)/
    Cycle 09 — Cell Membrane & Transport (Unit 2)/▶ LIVE — Cycle 09 (review) — Cell Membrane & Transport.pptx
    Cycle 09 — Cell Membrane & Transport (Unit 2)/My Class only (print)/
    03 Biology (Materials AIHS Agenda)/Cycle 12 — Meiosis/
    03 Biology (Materials AIHS Agenda)/Cycle 11 — The Cell Cycle → Cancer/
    03 Biology (Materials AIHS Agenda)/Cycle 18 — Natural Selection & Adaptation/
    03 Biology (Materials AIHS Agenda)/Cycle 08 — Cells & Organelles/
    03 Biology (Materials AIHS Agenda)/Cycle 02 — Ecosystems & Feeding Relationships/
    03 Biology (Materials AIHS Agenda)/Cycle 03 — Energy Flow & Trophic Pyramids/
    03 Biology (Materials AIHS Agenda)/Cycle 07 — Ecosystem Dynamics_ Populations & Succession/
    03 Biology (Materials AIHS Agenda)/Cycle 01 — Course Launch & Lab Safety/
    03 Biology (Materials AIHS Agenda)/Cycle 15 — Protein Synthesis (Central Dogma)/
    03 Biology (Materials AIHS Agenda)/Cycle 06 — Cellular Respiration & Fermentation/
    03 Biology (Materials AIHS Agenda)/Cycle 19 — Speciation & Biodiversity/
    03 Biology (Materials AIHS Agenda)/Cycle 16 — Mutations & Gene Expression/
    03 Biology (Materials AIHS Agenda)/Cycle 17 — Darwin & Evidence of Evolution/
    03 Biology (Materials AIHS Agenda)/Cycle 09 — Cell Membrane & Transport/
    03 Biology (Materials AIHS Agenda)/Cycle 04 — Cycles of Matter_ The Carbon Cycle/
    03 Biology (Materials AIHS Agenda)/Cycle 13 — Mendelian Genetics/
    03 Biology (Materials AIHS Agenda)/Cycle 14 — DNA Structure & Replication/
    03 Biology (Materials AIHS Agenda)/Cycle 10 — Enzymes/
    03 Biology (Materials AIHS Agenda)/Cycle 20 — Human Impact (Capstone)/
    03 Biology (Materials AIHS Agenda)/Cycle 05 — Photosynthesis/
    03 Biology (Materials AIHS Agenda)/Geniventure Materials/
    03 Biology (Materials AIHS Agenda)/TPT Hexagon Biology Root Words/
    Cycle 01 — Course Launch & Lab Safety (Unit 1)/▶ LIVE — Cycle 01 — Lab Safety (VT).pptx
    Cycle 01 — Course Launch & Lab Safety (Unit 1)/▶ LIVE — Cycle01_Day 1.pptx
    Cycle 06 — Cellular Respiration & Fermentation (Unit 1)/▶ LIVE — Cycle 06 — Cellular Respiration & Fermentation.pptx
    Cycle 16 — Mutations & Gene Expression (Unit 4)/▶ LIVE — Cycle 16b — Genetic Mutations.pptx
    Cycle 16 — Mutations & Gene Expression (Unit 4)/▶ LIVE — Cycle 16a — Stem Cells and Differentiation.pptx
    Cycle 16 — Mutations & Gene Expression (Unit 4)/▶ LIVE — Cycle 16c — Mutations and Genetic Disorders.pptx
    Cycle 16 — Mutations & Gene Expression (Unit 4)/▶ LIVE — Cycle 16d — Biotechnology.pptx
    Cycle 20 — Human Impact (Capstone) (Unit 4)/▶ LIVE — Cycle 20 — Human Impact Capstone.pptx
    Cycle 10 — Enzymes (Unit 2)/▶ LIVE — Cycle 10 — Enzymes.pptx
    Cycle 10 — Enzymes (Unit 2)/My Class only (print)/
    Cycle 04 — Cycles of Matter_ The Carbon Cycle (Unit 1)/▶ LIVE — Cycle 04 — Cycles of Matter_ The Carbon Cycle.pptx
    Cycle 05 — Photosynthesis (Unit 1)/▶ LIVE — Cycle 05 — Photosynthesis.pptx
    Cycle 07 — Ecosystem Dynamics_ Populations & Succession (Unit 1)/▶ LIVE — Cycle 07b — Populations & Succession.pptx
    Cycle 07 — Ecosystem Dynamics_ Populations & Succession (Unit 1)/▶ LIVE — Cycle 07a — Population Ecology.pptx
    Cycle 08 — Cells & Organelles (Unit 2)/▶ LIVE — Cycle 08 — Cells & Organelles.pptx
    Cycle 18 — Natural Selection & Adaptation (Unit 4)/▶ LIVE — Cycle 18 — Natural Selection & Adaptation.pptx
    Cycle 15 — Protein Synthesis (Central Dogma) (Unit 4)/▶ LIVE — Cycle 15a — Genes & Chromosomes.pptx
    Cycle 15 — Protein Synthesis (Central Dogma) (Unit 4)/▶ LIVE — Cycle 15b — Protein Synthesis.pptx
    Cycle 03 — Energy Flow & Trophic Pyramids (Unit 1)/▶ LIVE — Cycle 03 — Energy Flow & Trophic Pyramids.pptx
    Cycle 15 — Protein Synthesis (Central Dogma) (Unit 4)/My Class only (print)/
    Cycle 04 — Cycles of Matter_ The Carbon Cycle (Unit 1)/My Class only (print)/
    Cycle 08 — Cells & Organelles (Unit 2)/My Class only (print)/
    Cycle 07 — Ecosystem Dynamics_ Populations & Succession (Unit 1)/My Class only (print)/
    Cycle 18 — Natural Selection & Adaptation (Unit 4)/My Class only (print)/
    Cycle 05 — Photosynthesis (Unit 1)/My Class only (print)/
    Cycle 13 — Mendelian Genetics (Unit 3)/▶ LIVE — Cycle 13— Mendelian Genetics.pptx
    Cycle 12 — Meiosis (Unit 3)/▶ LIVE — Cycle 12 — The Process of Meiosis (VT deck, rebuilt).pptx
    Cycle 19 — Speciation & Biodiversity (Unit 4)/▶ LIVE — Cycle 19 — Speciation & Biodiversity.pptx
    Cycle 17 — Darwin & Evidence of Evolution (Unit 4)/▶ LIVE — Cycle 17 — Darwin & Evidence of Evolution.pptx
    Cycle 13 — Mendelian Genetics (Unit 3)/My Class only (print)/
    Cycle 12 — Meiosis (Unit 3)/My Class only (print)/
    03 Biology (Materials AIHS Agenda)/Cycle 01 — Course Launch & Lab Safety/Student_Classroom_Jobs_Slide_Decks (Unzipped Files)/
    03 Biology (Materials AIHS Agenda)/Cycle 02 — Ecosystems & Feeding Relationships/_archive/
    -> 84 live decks (expected 26)

--- 4. Exporting to /Users/katherinevonduyke/deck_work/exports
    This converts Google Slides to .pptx. Nothing in Drive is modified.
2026/08/29 12:44:32 NOTICE: School{H_jyB}: This remote uses rclone's shared Google Drive client_id, which is being retired and will stop working during 2026. Create your own client_id to avoid interruption: https://rclone.org/drive/#making-your-own-client-id
Transferred:   	          0 B / 0 B, -, 0 B/s, ETA -
Checks:                 0 / 0, -, Listed 33
Transferred:            0 / 1, 0%
Elapsed time:         0.5s
Transferring:
 * Cycle 06 — Cellular Re…on & Fermentation.pptx: transferringTransferred:   	          0 B / 0 B, -, 0 B/s, ETA -
Checks:                 0 / 0, -, Listed 136
Transferred:            0 / 26, 0%
Elapsed time:         1.0s
Transferring:
 * Cycle 06 — Cellular Re…on & Fermentation.pptx: transferring
 * Cycle 03 — Energy Flow… Trophic Pyramids.pptx: transferring
 * Cycle 02 — Ecosystems …onships (VT deck).pptx: transferring
 * Cycle 01 — Course Laun…— Lab Safety (VT).pptx: transferringTransferred:   	          0 B / 0 B, -, 0 B/s, ETA -
Checks:                 0 / 0, -, Listed 218
Transferred:            0 / 26, 0%
Elapsed time:         1.5s
Transferring:
 * Cycle 06 — Cellular Re…on & Fermentation.pptx: transferring
 * Cycle 03 — Energy Flow… Trophic Pyramids.pptx: transferring
 * Cycle 02 — Ecosystems …onships (VT deck).pptx: transferring
 * Cycle 01 — Course Laun…— Lab Safety (VT).pptx: transferringTransferred:   	    4.215 MiB / 4.215 MiB, 100%, 0 B/s, ETA -
Checks:                 0 / 0, -, Listed 264
Transferred:            6 / 29, 21%
Elapsed time:         2.0s
Transferring:
 * Cycle 02 — Ecosystems …onships (VT deck).pptx: transferring
 * Cycle 01 — Course Laun…E — Cycle01_Day 1.pptx: transferring
 * Cycle 05 — Photosynthe… — Photosynthesis.pptx: transferring
 * Cycle 04 — Cycles of M… The Carbon Cycle.pptx: transferringTransferred:   	    8.585 MiB / 8.585 MiB, 100%, 4.292 MiB/s, ETA 0s
Checks:                 0 / 0, -, Listed 264
Transferred:            8 / 30, 27%
Elapsed time:         2.5s
Transferring:
 * Cycle 01 — Course Laun…E — Cycle01_Day 1.pptx: transferring
 * Cycle 05 — Photosynthe… — Photosynthesis.pptx: transferring
 * Cycle 04 — Cycles of M… The Carbon Cycle.pptx: transferring
 * Cycle 09 — Cell Membra…brane & Transport.pptx: transferringTransferred:   	   10.666 MiB / 10.666 MiB, 100%, 4.292 MiB/s, ETA 0s
Checks:                 0 / 0, -, Listed 264
Transferred:           12 / 32, 38%
Elapsed time:         2.9s
Transferring:
 * Cycle 01 — Course Laun…E — Cycle01_Day 1.pptx: transferring
 * Cycle 09 — Cell Membra…brane & Transport.pptx: transferring
 * Cycle 10 — Enzymes (Un…ycle 10 — Enzymes.pptx: transferring
 * Cycle 07 — Ecosystem D…opulation Ecology.pptx: transferringTransferred:   	   14.973 MiB / 14.973 MiB, 100%, 4.824 MiB/s, ETA 0s
Checks:                 0 / 0, -, Listed 264
Transferred:           14 / 34, 41%
Elapsed time:         3.4s
Transferring:
 * Cycle 09 — Cell Membra…brane & Transport.pptx: transferring
 * Cycle 10 — Enzymes (Un…ycle 10 — Enzymes.pptx: transferring
 * Cycle 07 — Ecosystem D…opulation Ecology.pptx: transferring
 * Cycle 09 — Cell Membra….pptx.4b02a72e.partial:  0% / off, 0 B/s, -
 * Cycle 07 — Ecosystem D…ions & Succession.pptx: transferringTransferred:   	   15.681 MiB / 15.681 MiB, 100%, 4.824 MiB/s, ETA 0s
Checks:                 0 / 0, -, Listed 264
Transferred:           16 / 36, 44%
Elapsed time:         3.9s
Transferring:
 * Cycle 10 — Enzymes (Un…ycle 10 — Enzymes.pptx: transferring
 * Cycle 07 — Ecosystem D…opulation Ecology.pptx: transferring
 * Cycle 07 — Ecosystem D…ions & Succession.pptx: transferring
 * Cycle 08 — Cells & Org…ells & Organelles.pptx: transferring
 * Cycle 10 — Enzymes (Un….pptx.052538dc.partial:  0% / off, 0 B/s, -
 * Cycle 07 — Ecosystem D….pptx.34581bb1.partial:  0% / off, 0 B/s, -Transferred:   	   16.873 MiB / 16.873 MiB, 100%, 4.218 MiB/s, ETA 0s
Checks:                 0 / 0, -, Listed 264
Transferred:           20 / 36, 56%
Elapsed time:         4.5s
Transferring:
 * Cycle 07 — Ecosystem D…ions & Succession.pptx: transferring
 * Cycle 08 — Cells & Org…ells & Organelles.pptx: transferring
 * Cycle 14 — DNA Structu…ure & Replication.pptx: transferring
 * Cycle 12 — Meiosis (Un…VT deck, rebuilt).pptx: transferringTransferred:   	   19.349 MiB / 19.349 MiB, 100%, 4.218 MiB/s, ETA 0s
Checks:                 0 / 0, -, Listed 264
Transferred:           24 / 39, 62%
Elapsed time:         5.0s
Transferring:
 * Cycle 14 — DNA Structu…ure & Replication.pptx: transferring
 * Cycle 12 — Meiosis (Un…VT deck, rebuilt).pptx: transferring
 * Cycle 13 — Mendelian G…endelian Genetics.pptx: transferring
 * Cycle 11 — The Cell Cy…l Cycle to Cancer.pptx: transferring
 * Cycle 14 — DNA Structu….pptx.86ed021b.partial:  0% / off, 0 B/s, -Transferred:   	   20.495 MiB / 20.495 MiB, 100%, 4.099 MiB/s, ETA 0s
Checks:                 0 / 0, -, Listed 264
Transferred:           28 / 40, 70%
Elapsed time:         5.5s
Transferring:
 * Cycle 13 — Mendelian G…endelian Genetics.pptx: transferring
 * Cycle 11 — The Cell Cy…l Cycle to Cancer.pptx: transferring
 * Cycle 17 — Darwin & Ev…ence of Evolution.pptx: transferring
 * Cycle 16 — Mutations &…d Differentiation.pptx: transferringTransferred:   	   23.466 MiB / 23.466 MiB, 100%, 4.099 MiB/s, ETA 0s
Checks:                 0 / 0, -, Listed 264
Transferred:           32 / 43, 74%
Elapsed time:         5.9s
Transferring:
 * Cycle 17 — Darwin & Ev…ence of Evolution.pptx: transferring
 * Cycle 16 — Mutations &…d Differentiation.pptx: transferring
 * Cycle 16 — Mutations &…Genetic Mutations.pptx: transferring
 * Cycle 17 — Darwin & Ev….pptx.565e2bef.partial:  0% / off, 0 B/s, -
 * Cycle 16 — Mutations &…Genetic Disorders.pptx: transferringTransferred:   	   26.560 MiB / 26.560 MiB, 100%, 4.427 MiB/s, ETA 0s
Checks:                 0 / 0, -, Listed 264
Transferred:           36 / 44, 82%
Elapsed time:         6.5s
Transferring:
 * Cycle 16 — Mutations &…Genetic Mutations.pptx: transferring
 * Cycle 16 — Mutations &…Genetic Disorders.pptx: transferring
 * Cycle 16 — Mutations &…d — Biotechnology.pptx: transferring
 * Cycle 15 — Protein Syn…nes & Chromosomes.pptx: transferringTransferred:   	   29.007 MiB / 29.007 MiB, 100%, 4.427 MiB/s, ETA 0s
Checks:                 0 / 0, -, Listed 264
Transferred:           40 / 46, 87%
Elapsed time:         6.9s
Transferring:
 * Cycle 16 — Mutations &…d — Biotechnology.pptx: transferring
 * Cycle 15 — Protein Syn…nes & Chromosomes.pptx: transferring
 * Cycle 15 — Protein Syn…Protein Synthesis.pptx: transferring
 * Cycle 19 — Speciation …on & Biodiversity.pptx: transferringTransferred:   	   30.780 MiB / 30.780 MiB, 100%, 4.397 MiB/s, ETA 0s
Checks:                 0 / 0, -, Listed 264
Transferred:           44 / 48, 92%
Elapsed time:         7.5s
Transferring:
 * Cycle 15 — Protein Syn…Protein Synthesis.pptx: transferring
 * Cycle 19 — Speciation …on & Biodiversity.pptx: transferring
 * Cycle 18 — Natural Sel…tion & Adaptation.pptx: transferring
 * Cycle 20 — Human Impac…n Impact Capstone.pptx: transferringTransferred:   	   31.752 MiB / 31.752 MiB, 100%, 4.397 MiB/s, ETA 0s
Checks:                 0 / 0, -, Listed 264
Transferred:           46 / 49, 94%
Elapsed time:         8.0s
Transferring:
 * Cycle 19 — Speciation …on & Biodiversity.pptx: transferring
 * Cycle 18 — Natural Sel…tion & Adaptation.pptx: transferring
 * Cycle 20 — Human Impac…n Impact Capstone.pptx: transferringTransferred:   	   37.401 MiB / 37.401 MiB, 100%, 4.397 MiB/s, ETA 0s
Checks:                 0 / 0, -, Listed 264
Transferred:           52 / 52, 100%
Elapsed time:         8.4s

--- 5. Result
    .pptx files on disk: 26 of 84

    MISSING — these did not convert:
      _scripts_for_github (temporary)
      Cycle 12 — Meiosis (Unit 3)
      03 Biology (Materials AIHS Agenda)
      Cycle 09 — Cell Membrane & Transport (Unit 2)
      Cycle 10 — Enzymes (Unit 2)
      Cycle 15 — Protein Synthesis (Central Dogma) (Unit 4)
      Cycle 14 — DNA Structure & Replication (Unit 3)
      Cycle 13 — Mendelian Genetics (Unit 3)
      Cycle 19 — Speciation & Biodiversity (Unit 4)
      Cycle 17 — Darwin & Evidence of Evolution (Unit 4)
      Cycle 20 — Human Impact (Capstone) (Unit 4)
      Cycle 16 — Mutations & Gene Expression (Unit 4)
      Cycle 01 — Course Launch & Lab Safety (Unit 1)
      Cycle 06 — Cellular Respiration & Fermentation (Unit 1)
      Cycle 18 — Natural Selection & Adaptation (Unit 4)
      Cycle 08 — Cells & Organelles (Unit 2)
      Cycle 07 — Ecosystem Dynamics_ Populations & Succession (Unit 1)
      Cycle 05 — Photosynthesis (Unit 1)
      Cycle 04 — Cycles of Matter_ The Carbon Cycle (Unit 1)
      Cycle 03 — Energy Flow & Trophic Pyramids (Unit 1)
      Cycle 11 — The Cell Cycle → Cancer (Unit 2)
      Cycle 02 — Ecosystems & Feeding Relationships (Unit 1)
      ▶ LIVE — Cycle 19 — Speciation & Biodiversity.pptx
      ▶ LIVE — Cycle 10 — Enzymes.pptx
      My Class only (print)
      ▶ LIVE — Cycle 14 — DNA Structure & Replication.pptx
      My Class only (print)
      Cycle 12 — Meiosis
      Cycle 11 — The Cell Cycle → Cancer
      Cycle 07 — Ecosystem Dynamics_ Populations & Succession
      Cycle 01 — Course Launch & Lab Safety
      Cycle 15 — Protein Synthesis (Central Dogma)
      Cycle 16 — Mutations & Gene Expression
      Cycle 09 — Cell Membrane & Transport
      Cycle 13 — Mendelian Genetics
      Cycle 20 — Human Impact (Capstone)
      Geniventure Materials
      TPT Hexagon Biology Root Words
      ▶ LIVE — Cycle 15a — Genes & Chromosomes.pptx
      ▶ LIVE — Cycle 15b — Protein Synthesis.pptx
      My Class only (print)
      ▶ LIVE — Cycle 13— Mendelian Genetics.pptx
      ▶ LIVE — Cycle 09 (review) — Cell Membrane & Transport.pptx
      My Class only (print)
      My Class only (print)
      ▶ LIVE — Cycle 12 — The Process of Meiosis (VT deck, rebuilt).pptx
      My Class only (print)
      ▶ LIVE — Cycle 01 — Lab Safety (VT).pptx
      ▶ LIVE — Cycle01_Day 1.pptx
      ▶ LIVE — Cycle 02 — Ecosystems & Feeding Relationships (VT deck).pptx
      ▶ LIVE — Cycle 11 — The Cell Cycle to Cancer.pptx
      ▶ LIVE — Cycle 04 — Cycles of Matter_ The Carbon Cycle.pptx
      ▶ LIVE — Cycle 05 — Photosynthesis.pptx
      ▶ LIVE — Cycle 07b — Populations & Succession.pptx
      ▶ LIVE — Cycle 07a — Population Ecology.pptx
      ▶ LIVE — Cycle 08 — Cells & Organelles.pptx
      ▶ LIVE — Cycle 18 — Natural Selection & Adaptation.pptx
      ▶ LIVE — Cycle 06 — Cellular Respiration & Fermentation.pptx
      ▶ LIVE — Cycle 16b — Genetic Mutations.pptx
      ▶ LIVE — Cycle 16a — Stem Cells and Differentiation.pptx
      ▶ LIVE — Cycle 16c — Mutations and Genetic Disorders.pptx
      ▶ LIVE — Cycle 16d — Biotechnology.pptx
      ▶ LIVE — Cycle 20 — Human Impact Capstone.pptx
      ▶ LIVE — Cycle 17 — Darwin & Evidence of Evolution.pptx
      ▶ LIVE — Cycle 03 — Energy Flow & Trophic Pyramids.pptx
      My Class only (print)
      My Class only (print)
      My Class only (print)
      My Class only (print)
      My Class only (print)
      My Class only (print)
      Student_Classroom_Jobs_Slide_Decks (Unzipped Files)
      _archive

    Usual cause: the .pptx would exceed Google's 10MB export ceiling.
    Those need File > Download > PowerPoint from Slides by hand.

--- 6. Sizes
    1.3M	Cycle
    1.4M	Cycle
    738K	Cycle
    1.1M	Cycle
    1.7M	Cycle
    1.2M	Cycle
    4.4M	Cycle
    1.7M	Cycle
    1.2M	Cycle
    996K	Cycle
    1.1M	Cycle
    921K	Cycle
    1.2M	Cycle
    1.3M	Cycle
    968K	Cycle
    1.3M	Cycle
    934K	Cycle
    663K	Cycle
    3.3M	Cycle
    504K	Cycle
    2.2M	Cycle
    628K	Cycle
    2.9M	Cycle
    688K	Cycle
    907K	Cycle
    2.2M	Cycle

--- 7. Added 'exportdecks' alias. Open a new tab to use it.

--- 8. Contents of the older katherine-ops folder
    katherine-ops/plugins/katherine-ops/CONNECTORS.md
    katherine-ops/plugins/katherine-ops/README.md
    katherine-ops/plugins/katherine-ops/skills/activity-scout/references/life-design.md
    katherine-ops/plugins/katherine-ops/skills/activity-scout/references/source-registry.md
    katherine-ops/plugins/katherine-ops/skills/activity-scout/SKILL.md
    katherine-ops/plugins/katherine-ops/skills/block-update/SKILL.md
    katherine-ops/plugins/katherine-ops/skills/book-ops/reference/extras.md
    katherine-ops/plugins/katherine-ops/skills/book-ops/SKILL.md
    katherine-ops/plugins/katherine-ops/skills/chapter-bank/reference/promotion.md
    katherine-ops/plugins/katherine-ops/skills/chapter-bank/reference/references.md
    katherine-ops/plugins/katherine-ops/skills/chapter-bank/reference/status.md
    katherine-ops/plugins/katherine-ops/skills/chapter-bank/reference/zettelkasten.md
    katherine-ops/plugins/katherine-ops/skills/chapter-bank/SKILL.md
    katherine-ops/plugins/katherine-ops/skills/daily-agenda/reference/a-day.md
    katherine-ops/plugins/katherine-ops/skills/daily-agenda/reference/b-day.md
    katherine-ops/plugins/katherine-ops/skills/daily-agenda/reference/summer.md
    katherine-ops/plugins/katherine-ops/skills/daily-agenda/SKILL.md
    katherine-ops/plugins/katherine-ops/skills/daily-brief/reference/a-day.md
    katherine-ops/plugins/katherine-ops/skills/daily-brief/reference/b-day.md
    katherine-ops/plugins/katherine-ops/skills/daily-brief/reference/render.md
    katherine-ops/plugins/katherine-ops/skills/daily-brief/reference/summer.md
    katherine-ops/plugins/katherine-ops/skills/daily-brief/SKILL.md
    katherine-ops/plugins/katherine-ops/skills/daily-route/SKILL.md
    katherine-ops/plugins/katherine-ops/skills/formative-pipeline-v2/SKILL.md
    katherine-ops/plugins/katherine-ops/skills/hep-scout/SKILL.md
    katherine-ops/plugins/katherine-ops/skills/learning-block/SKILL.md
    katherine-ops/plugins/katherine-ops/skills/manuscript-ops/SKILL.md
    katherine-ops/plugins/katherine-ops/skills/manuscript-ops/tests/sample_chapter.md
    katherine-ops/plugins/katherine-ops/skills/panama-grocery-order/SKILL.md
    katherine-ops/plugins/katherine-ops/skills/photo-album-reconcile/SKILL.md
    katherine-ops/plugins/katherine-ops/skills/task-distill/reference/leftover-sweep.md
    katherine-ops/plugins/katherine-ops/skills/task-distill/SKILL.md
    katherine-ops/plugins/katherine-ops/skills/wegmans-grocery-order/SKILL.md
    katherine-ops/plugins/katherine-ops/skills/writing-block/SKILL.md
    katherine-ops/README.md
    katherine-ops/reference/Decisions & Citations.md
    katherine-ops/reference/Finishing Map.md

==============================================
 DONE.  Log: /Users/katherinevonduyke/deck_work/export_2026-08-29_1244.log
 Exports: /Users/katherinevonduyke/deck_work/exports
==============================================
